[INFO] [2025.11.19 23:23:36] Пользователь 123 запросил /api/users
[INFO] [2025.11.19 23:23:36] Успешный ответ для /api/users
[INFO] [2025.11.19 23:23:36] Пользователь 0 запросил /api/admin
[INFO] [2025.11.19 23:23:36] Пользователь 123 запросил /api/users
[INFO] [2025.11.19 23:23:36] Успешный ответ для /api/users
[INFO] [2025.11.19 23:23:36] Пользователь 0 запросил /api/admin
[INFO] [2025.11.19 23:24:59] Пользователь 123 запросил /api/users
[INFO] [2025.11.19 23:24:59] Успешный ответ для /api/users
[INFO] [2025.11.19 23:24:59] Пользователь 0 запросил /api/admin
[INFO] [2025.11.20 13:23:13] Пользователь 123 запросил /api/users
[INFO] [2025.11.20 13:23:13] Успешный ответ для /api/users
[INFO] [2025.11.20 13:23:13] Пользователь 0 запросил /api/admin
[INFO] [2025.11.20 13:23:30] Пользователь 123 запросил /api/users
[INFO] [2025.11.20 13:23:30] Успешный ответ для /api/users
[INFO] [2025.11.20 13:23:30] Пользователь 0 запросил /api/admin
[INFO] [2025.11.20 14:56:38] Пользователь 123 запросил /api/users
[INFO] [2025.11.20 14:56:38] Успешный ответ для /api/users
[INFO] [2025.11.20 14:56:38] Пользователь 0 запросил /api/admin
[INFO] [2025.11.20 15:03:47] Пользователь 123 запросил /api/users
[INFO] [2025.11.20 15:03:47] Успешный ответ для /api/users
[INFO] [2025.11.20 15:03:47] Пользователь 0 запросил /api/admin
[INFO] [2025.11.22 12:00:53] Пользователь 123 запросил /api/users
[INFO] [2025.11.22 12:00:53] Успешный ответ для /api/users
[INFO] [2025.11.22 12:00:53] Пользователь 0 запросил /api/admin
[INFO] [2025.11.22 12:02:25] Пользователь 123 запросил /api/users
[INFO] [2025.11.22 12:02:25] Успешный ответ для /api/users
[INFO] [2025.11.22 12:02:25] Пользователь 0 запросил /api/admin
[INFO] [2025.11.22 22:48:17] Пользователь 123 запросил /api/users
[INFO] [2025.11.22 22:48:17] Успешный ответ для /api/users
[INFO] [2025.11.22 22:48:17] Пользователь 0 запросил /api/admin
[INFO] [2025.11.26 21:13:21] Пользователь 123 запросил /api/users
[INFO] [2025.11.26 21:13:21] Успешный ответ для /api/users
[INFO] [2025.11.26 21:13:21] Пользователь 0 запросил /api/admin
[INFO] [2025.11.27 11:07:17] Пользователь 123 запросил /api/users
[INFO] [2025.11.27 11:07:17] Успешный ответ для /api/users
[INFO] [2025.11.27 11:07:17] Пользователь 0 запросил /api/admin
[INFO] [2025.11.27 12:42:36] Пользователь 123 запросил /api/users
[INFO] [2025.11.27 12:42:36] Успешный ответ для /api/users
[INFO] [2025.11.27 12:42:36] Пользователь 0 запросил /api/admin
[INFO] [2025 21 24 26] Пользователь 123 запросил /api/users
[INFO] [2025 21 24 26] Успешный ответ для /api/users
[INFO] [2025] Пользователь 0 запросил /api/admin
[INFO] [2025 21 25 25] Пользователь 123 запросил /api/users
[INFO] [2025 21 25 25] Успешный ответ для /api/users
[INFO] [2025] Пользователь 0 запросил /api/admin
[INFO] [2025 21 27 10] Пользователь 123 запросил /api/users
[INFO] [2025 21 27 10] Успешный ответ для /api/users
[INFO] [2025] Пользователь 0 запросил /api/admin
[INFO] [2025-21-30-22] Пользователь 123 запросил /api/users
[INFO] [2025-21-30-22] Успешный ответ для /api/users
[INFO] [2025] Пользователь 0 запросил /api/admin
[INFO] [2025:21:32:32] Пользователь 123 запросил /api/users
[INFO] [2025:21:32:32] Успешный ответ для /api/users
[INFO] [2025] Пользователь 0 запросил /api/admin
[INFO] [2025 :21 :34 :25] Пользователь 123 запросил /api/users
[INFO] [2025 :21 :34 :25] Успешный ответ для /api/users
[INFO] [2025] Пользователь 0 запросил /api/admin
[INFO] [2025:21:36:02] Пользователь 123 запросил /api/users
[INFO] [2025:21:36:02] Успешный ответ для /api/users
[INFO] [2025] Пользователь 0 запросил /api/admin
[INFO] [2025:21:37:27] Пользователь 123 запросил /api/users
[INFO] [2025:21:37:27] Успешный ответ для /api/users
[INFO] [2025] Пользователь 0 запросил /api/admin
[INFO] [2025 21:46:49] Пользователь 123 запросил /api/users
[INFO] [2025 21:46:49] Успешный ответ для /api/users
[INFO] [2025] Пользователь 0 запросил /api/admin
[INFO] [2025 13:59:08] Пользователь 123 запросил /api/users
[INFO] [2025 13:59:08] Успешный ответ для /api/users
[INFO] [2025] Пользователь 0 запросил /api/admin
[INFO] [2025 14:29:10] Пользователь 123 запросил /api/users
[INFO] [2025 14:29:10] Успешный ответ для /api/users
[INFO] [2025] Пользователь 0 запросил /api/admin
[INFO] [2025 14:45:27] Пользователь 123 запросил /api/users
[INFO] [2025 14:45:27] Успешный ответ для /api/users
[INFO] [2025 27] Пользователь 0 запросил /api/admin
[INFO] [2025.11.28 14:48:03.560455] Пользователь 123 запросил /api/users
[INFO] [2025.11.28 14:48:03.560885] Успешный ответ для /api/users
[INFO] [2025 03] Пользователь 0 запросил /api/admin
[INFO] [2025.11.28 14:49:12.484946] Пользователь 123 запросил /api/users
[INFO] [2025.11.28 14:49:12.485314] Успешный ответ для /api/users
[INFO] [2025 12] Пользователь 0 запросил /api/admin
[INFO] [2025.11.28 14:49:31.574320] Пользователь 123 запросил /api/users
[INFO] [2025.11.28 14:49:31.574669] Успешный ответ для /api/users
[INFO] [2025 31] Пользователь 0 запросил /api/admin
[INFO] [2025.11.28 15:42:19.346800] Пользователь 123 запросил /api/users
[INFO] [2025.11.28 15:42:19.347160] Успешный ответ для /api/users
[INFO] [2025 19] Пользователь 0 запросил /api/admin
[INFO] [2025.11.28 15:43:29.913758] Пользователь 123 запросил /api/users
[INFO] [2025.11.28 15:43:29.914055] Успешный ответ для /api/users
[INFO] [2025 29] Пользователь 0 запросил /api/admin
[INFO] [2025.11.28 16:14:56.495520] Пользователь 123 запросил /api/users
[INFO] [2025.11.28 16:14:56.496045] Успешный ответ для /api/users
[INFO] [2025 56] Пользователь 0 запросил /api/admin
[INFO] [2025.11.28 16:16:12.455450] Пользователь 123 запросил /api/users
[INFO] [2025.11.28 16:16:12.456475] Успешный ответ для /api/users
[INFO] [2025 16] Пользователь 0 запросил /api/admin
[INFO] [2025.11.28 16:17:17.508694] Пользователь 123 запросил /api/users
[INFO] [2025.11.28 16:17:17.509121] Успешный ответ для /api/users
[INFO] [2025 17] Пользователь 0 запросил /api/admin
[INFO] [2025.11.28 17:13:56.614144] Пользователь 123 запросил /api/users
[INFO] [2025.11.28 17:13:56.615237] Успешный ответ для /api/users
[INFO] [2025 13] Пользователь 0 запросил /api/admin
[INFO] [2025.11.28 17:18:40.859311] Пользователь 123 запросил /api/users
[INFO] [2025.11.28 17:18:40.859620] Успешный ответ для /api/users
[INFO] [2025 18] Пользователь 0 запросил /api/admin
[INFO] [2025.11.28 17:33:47.031673] Пользователь 123 запросил /api/users
[INFO] [2025.11.28 17:33:47.032133] Успешный ответ для /api/users
[INFO] [2025 33] Пользователь 0 запросил /api/admin
[INFO] [2025.11.28 17:50:18.752521] Пользователь 123 запросил /api/users
[INFO] [2025.11.28 17:50:18.753007] Успешный ответ для /api/users
[INFO] [2025 50] Пользователь 0 запросил /api/admin
[INFO] [2025.11.28 17:51:53.749816] Пользователь 123 запросил /api?users
[INFO] [2025.11.28 17:51:53.750131] Успешный ответ для /api?users
[INFO] [2025 51] Пользователь 0 запросил /api/admin
[INFO] [2025.11.28 17:57:06.886607] Пользователь 123 запросил /api,users
[INFO] [2025.11.28 17:57:06.887031] Успешный ответ для /api,users
[INFO] [2025 57] Пользователь 0 запросил /api/admin
[INFO] [2025.11.28 17:57:16.436334] Пользователь 123 запросил /api,users
[INFO] [2025.11.28 17:57:16.436812] Успешный ответ для /api,users
[INFO] [2025.11.28 17:57:16] Пользователь 0 запросил /api/admin
[INFO] [2025.11.28 18:00:11.918332] Пользователь 123 запросил /api,users
[INFO] [2025.11.28 18:00:11.918803] Успешный ответ для /api,users
[INFO] [2025.11.28 18:00:11] Пользователь 0 запросил /api/admin
[INFO] [2025.11.28 18:23:06.242694] Пользователь 123 запросил /api,users
[INFO] [2025.11.28 18:23:06.243025] Успешный ответ для /api,users
[INFO] [2025.11.28 18:23:06] Пользователь 0 запросил /api/admin
[INFO] [2025.11.28 18:39:49.194727] Пользователь 123 запросил /api/users
[INFO] [2025.11.28 18:39:49.194945] Успешный ответ для /api/users
[INFO] [2025.11.29 07:44:34.048345] Пользователь 123 запросил /api/users
[INFO] [2025.11.29 07:44:34.050764] Успешный ответ для /api/users
[INFO] [2025.11.29 07:45:01.131457] Пользователь 9000 запросил /api/users
[INFO] [2025.11.29 07:45:01.132592] Успешный ответ для /api/users
[INFO] [2025.11.29 07:47:03.351716] Пользователь 9000 запросил /api/users
[INFO] [2025.11.29 07:47:03.352216] Успешный ответ для /api/users
