[INFO] [2025.11.19 23:23:36] Авторизация пользователя 123
[INFO] [2025.11.19 23:23:36] Авторизация пользователя 0
[INFO] [2025.11.19 23:23:36] Авторизация пользователя 123
[INFO] [2025.11.19 23:23:36] Авторизация пользователя 0
[INFO] [2025.11.19 23:24:59] Авторизация пользователя 123
[INFO] [2025.11.19 23:24:59] Авторизация пользователя 0
[INFO] [2025.11.20 13:23:13] Авторизация пользователя 123
[INFO] [2025.11.20 13:23:13] Авторизация пользователя 0
[INFO] [2025.11.20 13:23:30] Авторизация пользователя 123
[INFO] [2025.11.20 13:23:30] Авторизация пользователя 0
[INFO] [2025.11.20 14:56:38] Авторизация пользователя 123
[INFO] [2025.11.20 14:56:38] Авторизация пользователя 0
[INFO] [2025.11.20 15:03:47] Авторизация пользователя 123
[INFO] [2025.11.20 15:03:47] Авторизация пользователя 0
[INFO] [2025.11.22 12:00:53] Авторизация пользователя 123
[INFO] [2025.11.22 12:00:53] Авторизация пользователя 0
[INFO] [2025.11.22 12:02:25] Авторизация пользователя 123
[INFO] [2025.11.22 12:02:25] Авторизация пользователя 0
[INFO] [2025.11.22 22:48:17] Авторизация пользователя 123
[INFO] [2025.11.22 22:48:17] Авторизация пользователя 0
[INFO] [2025.11.26 21:13:21] Авторизация пользователя 123
[INFO] [2025.11.26 21:13:21] Авторизация пользователя 0
[INFO] [2025.11.27 11:07:17] Авторизация пользователя 123
[INFO] [2025.11.27 11:07:17] Авторизация пользователя 0
[INFO] [2025.11.27 12:42:36] Авторизация пользователя 123
[INFO] [2025.11.27 12:42:36] Авторизация пользователя 0
[INFO] [21:24:26] Авторизация пользователя 123 для /api/users
[INFO] [21:25:25] Авторизация пользователя 123 для /api/users
[INFO] [21:27:10] Авторизация пользователя 123 для /api/users
[INFO] [21:30:22] Авторизация пользователя 123 для /api/users
[INFO] [21:32:32] Авторизация пользователя 123 для /api/users
[INFO] [21 :34 :25] Авторизация пользователя 123 для /api/users
[INFO] [21:36:02] Авторизация пользователя 123 для /api/users
[INFO] [21:37:27] Авторизация пользователя 123 для /api/users
[INFO] [21:46:49] Авторизация пользователя 123 для /api/users
[INFO] [13:59:08] Авторизация пользователя 123 для /api/users
[INFO] [14:29:10] Авторизация пользователя 123 для /api/users
[INFO] [14:45:27] Авторизация пользователя 123 для /api/users
[INFO] [14:48:03] Авторизация пользователя 123 для /api/users
[INFO] [14:49:12] Авторизация пользователя 123 для /api/users
[INFO] [14:49:31] Авторизация пользователя 123 для /api/users
[INFO] [15:42:19] Авторизация пользователя 123 для /api/users
[INFO] [15:43:29] Авторизация пользователя 123 для /api/users
[INFO] [16:14:56] Авторизация пользователя 123 для /api/users
[INFO] [16:16:12] Авторизация пользователя 123 для /api/users
[INFO] [16:17:17] Авторизация пользователя 123 для /api/users
[INFO] [17:13:56] Авторизация пользователя 123 для /api/users
[INFO] [17:18:40] Авторизация пользователя 123 для /api/users
[INFO] [17:33:47] Авторизация пользователя 123 для /api/users
[INFO] [17:50:18] Авторизация пользователя 123 для /api/users
[INFO] [17:51:53] Авторизация пользователя 123 для /api?users
[INFO] [17:57:06] Авторизация пользователя 123 для /api,users
[INFO] [17:57:16] Авторизация пользователя 123 для /api,users
[INFO] [18:00:11] Авторизация пользователя 123 для /api,users
[INFO] [18:23:06] Авторизация пользователя 123 для /api,users
